 
****************************************
Report : area
Design : Processor_TopLevel
Version: K-2015.06
Date   : Sun Dec 21 19:41:10 2025
****************************************

Library(s) Used:

    scmetro_tsmc_cl013g_rvt_ss_1p08v_125c (File: /home/IC/micro_project/syn/scmetro_tsmc_cl013g_rvt_ss_1p08v_125c.db)

Number of ports:                         1163
Number of nets:                          9268
Number of cells:                         8207
Number of combinational cells:           5779
Number of sequential cells:              2406
Number of macros/black boxes:               0
Number of buf/inv:                       1442
Number of references:                      21

Combinational area:              68655.740135
Buf/Inv area:                     6230.626535
Noncombinational area:           51635.947691
Macro/Black Box area:                0.000000
Net Interconnect area:      undefined  (No wire load specified)

Total cell area:                120291.687826
Total area:                 undefined

Hierarchical area distribution
------------------------------

                                  Global cell area             Local cell area
                                  --------------------  ------------------------------ 
Hierarchical cell                 Absolute     Percent  Combi-      Noncombi-   Black-
                                  Total        Total    national    national    boxes   Design
--------------------------------  -----------  -------  ----------  ----------  ------  ------------------------
Processor_TopLevel                120291.6878    100.0    463.6198    282.4080  0.0000  Processor_TopLevel
U_Decode_WB                         2449.8894      2.0    252.9905     65.8952  0.0000  decode_wb_stage
U_Decode_WB/U_RF                    2131.0037      1.8   1195.5272    828.3968  0.0000  Register_File
U_Decode_WB/U_RF/add_37_S2           107.0797      0.1    107.0797      0.0000  0.0000  Register_File_DW01_inc_0
U_EX_MEM_Reg                        2235.7300      1.9    268.2876   1967.4424  0.0000  EX_M_register
U_Execute                           1999.2133      1.7      0.0000      0.0000  0.0000  ExecuteStage
U_Execute/alu_unit                  1663.8538      1.4    941.3600      0.0000  0.0000  ALU
U_Execute/alu_unit/add_27            231.8099      0.2    231.8099      0.0000  0.0000  ALU_DW01_add_0
U_Execute/alu_unit/add_37            110.6098      0.1    110.6098      0.0000  0.0000  ALU_DW01_inc_1
U_Execute/alu_unit/add_51            114.1399      0.1    114.1399      0.0000  0.0000  ALU_DW01_inc_0
U_Execute/alu_unit/sub_32            265.9342      0.2    265.9342      0.0000  0.0000  ALU_DW01_sub_0
U_Execute/ccr_unit                   335.3595      0.3    128.2603    207.0992  0.0000  CCR
U_Fetch                              828.3968      0.7    138.8506      0.0000  0.0000  FetchStage
U_Fetch/instr_mem                      0.0000      0.0      0.0000      0.0000  0.0000  Instruction_Memory
U_Fetch/pc                           582.4665      0.5    271.8177    310.6488  0.0000  Program_Counter
U_Fetch/r56                          107.0797      0.1    107.0797      0.0000  0.0000  FetchStage_DW01_inc_0
U_Forwarding_Unit                    125.9069      0.1    125.9069      0.0000  0.0000  forwarding_unit
U_Hazard_Detection_Unit              147.0875      0.1    147.0875      0.0000  0.0000  hazard_detection_unit
U_ID_EX_Reg                         2932.3364      2.4   1016.6688   1915.6676  0.0000  ID_EX_register
U_IF_ID_Reg                          941.3600      0.8    320.0624    621.2976  0.0000  IF_ID_register
U_MEM_WB_Reg                        2235.7300      1.9    268.2876   1967.4424  0.0000  MEM_WB_Register
U_Memory                          105026.3587     87.3  61648.4915  43377.8672  0.0000  MemoryStage
u_Control_Unit                       623.6510      0.5    531.8684     91.7826  0.0000  Control_Unit
--------------------------------  -----------  -------  ----------  ----------  ------  ------------------------
Total                                                   68655.7401  51635.9477  0.0000

1



