Loading db file '/home/IC/micro_project/syn/scmetro_tsmc_cl013g_rvt_ss_1p08v_125c.db'
Information: Propagating switching activity (low effort zero delay simulation). (PWR-6)
Warning: Design has unannotated primary inputs. (PWR-414)
Warning: Design has unannotated sequential cell outputs. (PWR-415)
 
****************************************
Report : power
        -hier
        -analysis_effort low
Design : Processor_TopLevel
Version: K-2015.06
Date   : Sun Dec 21 19:41:10 2025
****************************************


Library(s) Used:

    scmetro_tsmc_cl013g_rvt_ss_1p08v_125c (File: /home/IC/micro_project/syn/scmetro_tsmc_cl013g_rvt_ss_1p08v_125c.db)


Operating Conditions: scmetro_tsmc_cl013g_rvt_ss_1p08v_125c   Library: scmetro_tsmc_cl013g_rvt_ss_1p08v_125c
Wire Load Model Mode: top


Global Operating Voltage = 1.08 
Power-specific unit information :
    Voltage Units = 1V
    Capacitance Units = 1.000000pf
    Time Units = 1ns
    Dynamic Power Units = 1mW    (derived from V,C,T units)
    Leakage Power Units = 1pW


--------------------------------------------------------------------------------
                                       Switch   Int      Leak     Total
Hierarchy                              Power    Power    Power    Power    %
--------------------------------------------------------------------------------
Processor_TopLevel                        0.120    1.901 7.83e+07    2.100 100.0
  U_Forwarding_Unit (forwarding_unit)     0.000    0.000 1.16e+05 1.16e-04   0.0
  U_Hazard_Detection_Unit (hazard_detection_unit)
                                          0.000    0.000 1.12e+05 1.12e-04   0.0
  u_Control_Unit (Control_Unit)        2.29e-04 2.62e-03 3.66e+05 3.22e-03   0.2
  U_MEM_WB_Reg (MEM_WB_Register)       1.09e-03 6.04e-02 9.99e+05 6.25e-02   3.0
  U_Memory (MemoryStage)                  0.114    1.640 6.99e+07    1.824  86.9
  U_EX_MEM_Reg (EX_M_register)         1.27e-03 6.13e-02 1.00e+06 6.36e-02   3.0
  U_Execute (ExecuteStage)             1.13e-04 5.77e-03 1.48e+06 7.37e-03   0.4
    ccr_unit (CCR)                     1.13e-04 5.77e-03 1.62e+05 6.05e-03   0.3
    alu_unit (ALU)                        0.000    0.000 1.32e+06 1.32e-03   0.1
      add_27 (ALU_DW01_add_0)             0.000    0.000 2.05e+05 2.05e-04   0.0
      sub_32 (ALU_DW01_sub_0)             0.000    0.000 2.48e+05 2.48e-04   0.0
      add_37 (ALU_DW01_inc_1)             0.000    0.000 1.01e+05 1.01e-04   0.0
      add_51 (ALU_DW01_inc_0)             0.000    0.000 8.29e+04 8.29e-05   0.0
  U_ID_EX_Reg (ID_EX_register)         1.33e-03 6.12e-02 1.40e+06 6.39e-02   3.0
  U_Decode_WB (decode_wb_stage)        1.13e-03 2.71e-02 1.49e+06 2.97e-02   1.4
    U_RF (Register_File)               1.13e-03 2.53e-02 1.29e+06 2.77e-02   1.3
      add_37_S2 (Register_File_DW01_inc_0)
                                       7.20e-05 1.96e-04 8.61e+04 3.54e-04   0.0
  U_IF_ID_Reg (IF_ID_register)         5.60e-04 1.96e-02 4.21e+05 2.06e-02   1.0
  U_Fetch (FetchStage)                 6.99e-04 1.21e-02 5.64e+05 1.34e-02   0.6
    r56 (FetchStage_DW01_inc_0)        7.32e-05 1.07e-04 9.83e+04 2.78e-04   0.0
    pc (Program_Counter)               5.47e-04 1.18e-02 3.73e+05 1.28e-02   0.6
    instr_mem (Instruction_Memory)        0.000    0.000    0.000    0.000   0.0
1
